// Vitest Snapshot v1

exports[`snaps > deserialized > input 1`] = `
"ik-typing-machine Snapshots v1

--01----------

--02----------

--03----------
import App from './App.vue'

--04----------
import { } from 'vue'
import App from './App.vue'
----OPTIONS----
{\\"wait\\":200,\\"pause\\":false}
--05----------
import { createApp } from 'vue'
import App from './App.vue'
const app = createApp(App)
app.mount('#app')

--06----------
import { createApp } from 'vue'
import { createRouter } from 'vue-router'
import App from './App.vue'
const app = createApp(App)
const router = createRouter()
app.use(router)
app.mount('#app')

--07----------
import { createApp } from 'vue'
import { createRouter, createWebHistory } from 'vue-router'
import App from './App.vue'
const app = createApp(App)
const router = createRouter({
  history: createWebHistory(),
})
app.use(router)
app.mount('#app')
----OPTIONS----
{\\"wait\\":1200,\\"pause\\":true}
--08----------
import { createApp } from 'vue'
import { createRouter, createWebHistory } from 'vue-router'
import routes from 'virtual:generated-pages'
import App from './App.vue'
const app = createApp(App)
const router = createRouter({
  history: createWebHistory(),
  routes,
})
app.use(router)
app.mount('#app')

--------------
"
`;

exports[`snaps > deserialized > output 1`] = `
"ik-typing-machine Snapshots v1

--01----------

--02----------

--03----------
import App from './App.vue'

--04----------
import { } from 'vue'
import App from './App.vue'
----OPTIONS----
{\\"wait\\":200,\\"pause\\":false}
--05----------
import { createApp } from 'vue'
import App from './App.vue'
const app = createApp(App)
app.mount('#app')

--06----------
import { createApp } from 'vue'
import { createRouter } from 'vue-router'
import App from './App.vue'
const app = createApp(App)
const router = createRouter()
app.use(router)
app.mount('#app')

--07----------
import { createApp } from 'vue'
import { createRouter, createWebHistory } from 'vue-router'
import App from './App.vue'
const app = createApp(App)
const router = createRouter({
  history: createWebHistory(),
})
app.use(router)
app.mount('#app')
----OPTIONS----
{\\"wait\\":1200,\\"pause\\":true}
--08----------
import { createApp } from 'vue'
import { createRouter, createWebHistory } from 'vue-router'
import routes from 'virtual:generated-pages'
import App from './App.vue'
const app = createApp(App)
const router = createRouter({
  history: createWebHistory(),
  routes,
})
app.use(router)
app.mount('#app')

--------------
"
`;

exports[`snaps > persist > serialized 1`] = `
"ik-typing-machine Snapshots v1

--01----------

----OPTIONS----
{\\"wait\\":200,\\"pause\\":false}
--02----------
import {} from \\"vue\\"
--03----------
import { createApp } from \\"vue\\"

const app = createApp()

----OPTIONS----
{\\"wait\\":100}
--04----------
import { useMemo } from \\"react\\"

const memo = useMemo()

----OPTIONS----
{\\"wait\\":100}
--------------
"
`;
