// Vitest Snapshot v1

exports[`animator > generate > animator 1`] = `
[
  {
    "index": 0,
    "patch": {
      "cursor": 47,
      "length": 26,
      "type": "removal",
    },
    "type": "new-patch",
  },
  {
    "content": "
import { describe, expect, it } from 'vitest'
import {ll} from './one'


describe('should', () => {
  it('exported', () => {
    expect(33)
    console.log('hello')
  })
})
",
    "cursor": 73,
    "type": "removal-start",
  },
  {
    "content": "
import { describe, expect, it } from 'vitest'
import {ll} from './one'

describe('should', () => {
  it('exported', () => {
    expect(33)
    console.log('hello')
  })
})
",
    "cursor": 72,
    "type": "removal",
  },
  {
    "content": "
import { describe, expect, it } from 'vitest'
import {ll} from './one'
describe('should', () => {
  it('exported', () => {
    expect(33)
    console.log('hello')
  })
})
",
    "cursor": 71,
    "type": "removal",
  },
  {
    "content": "
import { describe, expect, it } from 'vitest'
import {ll} from './one
describe('should', () => {
  it('exported', () => {
    expect(33)
    console.log('hello')
  })
})
",
    "cursor": 70,
    "type": "removal",
  },
  {
    "content": "
import { describe, expect, it } from 'vitest'
import {ll} from './on
describe('should', () => {
  it('exported', () => {
    expect(33)
    console.log('hello')
  })
})
",
    "cursor": 69,
    "type": "removal",
  },
  {
    "content": "
import { describe, expect, it } from 'vitest'
import {ll} from './o
describe('should', () => {
  it('exported', () => {
    expect(33)
    console.log('hello')
  })
})
",
    "cursor": 68,
    "type": "removal",
  },
  {
    "content": "
import { describe, expect, it } from 'vitest'
import {ll} from './
describe('should', () => {
  it('exported', () => {
    expect(33)
    console.log('hello')
  })
})
",
    "cursor": 67,
    "type": "removal",
  },
  {
    "content": "
import { describe, expect, it } from 'vitest'
import {ll} from '.
describe('should', () => {
  it('exported', () => {
    expect(33)
    console.log('hello')
  })
})
",
    "cursor": 66,
    "type": "removal",
  },
  {
    "content": "
import { describe, expect, it } from 'vitest'
import {ll} from '
describe('should', () => {
  it('exported', () => {
    expect(33)
    console.log('hello')
  })
})
",
    "cursor": 65,
    "type": "removal",
  },
  {
    "content": "
import { describe, expect, it } from 'vitest'
import {ll} from 
describe('should', () => {
  it('exported', () => {
    expect(33)
    console.log('hello')
  })
})
",
    "cursor": 64,
    "type": "removal",
  },
  {
    "content": "
import { describe, expect, it } from 'vitest'
import {ll} from
describe('should', () => {
  it('exported', () => {
    expect(33)
    console.log('hello')
  })
})
",
    "cursor": 63,
    "type": "removal",
  },
  {
    "content": "
import { describe, expect, it } from 'vitest'
import {ll} fro
describe('should', () => {
  it('exported', () => {
    expect(33)
    console.log('hello')
  })
})
",
    "cursor": 62,
    "type": "removal",
  },
  {
    "content": "
import { describe, expect, it } from 'vitest'
import {ll} fr
describe('should', () => {
  it('exported', () => {
    expect(33)
    console.log('hello')
  })
})
",
    "cursor": 61,
    "type": "removal",
  },
  {
    "content": "
import { describe, expect, it } from 'vitest'
import {ll} f
describe('should', () => {
  it('exported', () => {
    expect(33)
    console.log('hello')
  })
})
",
    "cursor": 60,
    "type": "removal",
  },
  {
    "content": "
import { describe, expect, it } from 'vitest'
import {ll} 
describe('should', () => {
  it('exported', () => {
    expect(33)
    console.log('hello')
  })
})
",
    "cursor": 59,
    "type": "removal",
  },
  {
    "content": "
import { describe, expect, it } from 'vitest'
import {ll}
describe('should', () => {
  it('exported', () => {
    expect(33)
    console.log('hello')
  })
})
",
    "cursor": 58,
    "type": "removal",
  },
  {
    "content": "
import { describe, expect, it } from 'vitest'
import {ll
describe('should', () => {
  it('exported', () => {
    expect(33)
    console.log('hello')
  })
})
",
    "cursor": 57,
    "type": "removal",
  },
  {
    "content": "
import { describe, expect, it } from 'vitest'
import {l
describe('should', () => {
  it('exported', () => {
    expect(33)
    console.log('hello')
  })
})
",
    "cursor": 56,
    "type": "removal",
  },
  {
    "content": "
import { describe, expect, it } from 'vitest'
import {
describe('should', () => {
  it('exported', () => {
    expect(33)
    console.log('hello')
  })
})
",
    "cursor": 55,
    "type": "removal",
  },
  {
    "content": "
import { describe, expect, it } from 'vitest'
import 
describe('should', () => {
  it('exported', () => {
    expect(33)
    console.log('hello')
  })
})
",
    "cursor": 54,
    "type": "removal",
  },
  {
    "content": "
import { describe, expect, it } from 'vitest'
import
describe('should', () => {
  it('exported', () => {
    expect(33)
    console.log('hello')
  })
})
",
    "cursor": 53,
    "type": "removal",
  },
  {
    "content": "
import { describe, expect, it } from 'vitest'
impor
describe('should', () => {
  it('exported', () => {
    expect(33)
    console.log('hello')
  })
})
",
    "cursor": 52,
    "type": "removal",
  },
  {
    "content": "
import { describe, expect, it } from 'vitest'
impo
describe('should', () => {
  it('exported', () => {
    expect(33)
    console.log('hello')
  })
})
",
    "cursor": 51,
    "type": "removal",
  },
  {
    "content": "
import { describe, expect, it } from 'vitest'
imp
describe('should', () => {
  it('exported', () => {
    expect(33)
    console.log('hello')
  })
})
",
    "cursor": 50,
    "type": "removal",
  },
  {
    "content": "
import { describe, expect, it } from 'vitest'
im
describe('should', () => {
  it('exported', () => {
    expect(33)
    console.log('hello')
  })
})
",
    "cursor": 49,
    "type": "removal",
  },
  {
    "content": "
import { describe, expect, it } from 'vitest'
i
describe('should', () => {
  it('exported', () => {
    expect(33)
    console.log('hello')
  })
})
",
    "cursor": 48,
    "type": "removal",
  },
  {
    "content": "
import { describe, expect, it } from 'vitest'

describe('should', () => {
  it('exported', () => {
    expect(33)
    console.log('hello')
  })
})
",
    "cursor": 47,
    "type": "removal",
  },
  {
    "content": "
import { describe, expect, it } from 'vitest'

describe('should', () => {
  it('exported', () => {
    expect(33)
    console.log('hello')
  })
})
",
    "cursor": 73,
    "type": "removal-end",
  },
  {
    "index": 1,
    "patch": {
      "cursor": 114,
      "length": 24,
      "type": "removal",
    },
    "type": "new-patch",
  },
  {
    "content": "
import { describe, expect, it } from 'vitest'

describe('should', () => {
  it('exported', () => {
    expect(33)
    console.log('hello')
  })
})
",
    "cursor": 138,
    "type": "removal-start",
  },
  {
    "content": "
import { describe, expect, it } from 'vitest'

describe('should', () => {
  it('exported', () => {
    expect(33)
    console.log('hello)
  })
})
",
    "cursor": 137,
    "type": "removal",
  },
  {
    "content": "
import { describe, expect, it } from 'vitest'

describe('should', () => {
  it('exported', () => {
    expect(33)
    console.log('hell)
  })
})
",
    "cursor": 136,
    "type": "removal",
  },
  {
    "content": "
import { describe, expect, it } from 'vitest'

describe('should', () => {
  it('exported', () => {
    expect(33)
    console.log('hel)
  })
})
",
    "cursor": 135,
    "type": "removal",
  },
  {
    "content": "
import { describe, expect, it } from 'vitest'

describe('should', () => {
  it('exported', () => {
    expect(33)
    console.log('he)
  })
})
",
    "cursor": 134,
    "type": "removal",
  },
  {
    "content": "
import { describe, expect, it } from 'vitest'

describe('should', () => {
  it('exported', () => {
    expect(33)
    console.log('h)
  })
})
",
    "cursor": 133,
    "type": "removal",
  },
  {
    "content": "
import { describe, expect, it } from 'vitest'

describe('should', () => {
  it('exported', () => {
    expect(33)
    console.log(')
  })
})
",
    "cursor": 132,
    "type": "removal",
  },
  {
    "content": "
import { describe, expect, it } from 'vitest'

describe('should', () => {
  it('exported', () => {
    expect(33)
    console.log()
  })
})
",
    "cursor": 131,
    "type": "removal",
  },
  {
    "content": "
import { describe, expect, it } from 'vitest'

describe('should', () => {
  it('exported', () => {
    expect(33)
    console.log)
  })
})
",
    "cursor": 130,
    "type": "removal",
  },
  {
    "content": "
import { describe, expect, it } from 'vitest'

describe('should', () => {
  it('exported', () => {
    expect(33)
    console.lo)
  })
})
",
    "cursor": 129,
    "type": "removal",
  },
  {
    "content": "
import { describe, expect, it } from 'vitest'

describe('should', () => {
  it('exported', () => {
    expect(33)
    console.l)
  })
})
",
    "cursor": 128,
    "type": "removal",
  },
  {
    "content": "
import { describe, expect, it } from 'vitest'

describe('should', () => {
  it('exported', () => {
    expect(33)
    console.)
  })
})
",
    "cursor": 127,
    "type": "removal",
  },
  {
    "content": "
import { describe, expect, it } from 'vitest'

describe('should', () => {
  it('exported', () => {
    expect(33)
    console)
  })
})
",
    "cursor": 126,
    "type": "removal",
  },
  {
    "content": "
import { describe, expect, it } from 'vitest'

describe('should', () => {
  it('exported', () => {
    expect(33)
    consol)
  })
})
",
    "cursor": 125,
    "type": "removal",
  },
  {
    "content": "
import { describe, expect, it } from 'vitest'

describe('should', () => {
  it('exported', () => {
    expect(33)
    conso)
  })
})
",
    "cursor": 124,
    "type": "removal",
  },
  {
    "content": "
import { describe, expect, it } from 'vitest'

describe('should', () => {
  it('exported', () => {
    expect(33)
    cons)
  })
})
",
    "cursor": 123,
    "type": "removal",
  },
  {
    "content": "
import { describe, expect, it } from 'vitest'

describe('should', () => {
  it('exported', () => {
    expect(33)
    con)
  })
})
",
    "cursor": 122,
    "type": "removal",
  },
  {
    "content": "
import { describe, expect, it } from 'vitest'

describe('should', () => {
  it('exported', () => {
    expect(33)
    co)
  })
})
",
    "cursor": 121,
    "type": "removal",
  },
  {
    "content": "
import { describe, expect, it } from 'vitest'

describe('should', () => {
  it('exported', () => {
    expect(33)
    c)
  })
})
",
    "cursor": 120,
    "type": "removal",
  },
  {
    "content": "
import { describe, expect, it } from 'vitest'

describe('should', () => {
  it('exported', () => {
    expect(33)
    )
  })
})
",
    "cursor": 119,
    "type": "removal",
  },
  {
    "content": "
import { describe, expect, it } from 'vitest'

describe('should', () => {
  it('exported', () => {
    expect(33)
   )
  })
})
",
    "cursor": 118,
    "type": "removal",
  },
  {
    "content": "
import { describe, expect, it } from 'vitest'

describe('should', () => {
  it('exported', () => {
    expect(33)
  )
  })
})
",
    "cursor": 117,
    "type": "removal",
  },
  {
    "content": "
import { describe, expect, it } from 'vitest'

describe('should', () => {
  it('exported', () => {
    expect(33)
 )
  })
})
",
    "cursor": 116,
    "type": "removal",
  },
  {
    "content": "
import { describe, expect, it } from 'vitest'

describe('should', () => {
  it('exported', () => {
    expect(33)
)
  })
})
",
    "cursor": 115,
    "type": "removal",
  },
  {
    "content": "
import { describe, expect, it } from 'vitest'

describe('should', () => {
  it('exported', () => {
    expect(33))
  })
})
",
    "cursor": 114,
    "type": "removal",
  },
  {
    "content": "
import { describe, expect, it } from 'vitest'

describe('should', () => {
  it('exported', () => {
    expect(33))
  })
})
",
    "cursor": 138,
    "type": "removal-end",
  },
  {
    "index": 2,
    "patch": {
      "content": ".toEqual(1",
      "cursor": 114,
      "type": "insert",
    },
    "type": "new-patch",
  },
  {
    "content": "
import { describe, expect, it } from 'vitest'

describe('should', () => {
  it('exported', () => {
    expect(33))
  })
})
",
    "cursor": 114,
    "type": "insert-start",
  },
  {
    "char": ".",
    "content": "
import { describe, expect, it } from 'vitest'

describe('should', () => {
  it('exported', () => {
    expect(33).)
  })
})
",
    "cursor": 115,
    "type": "insert",
  },
  {
    "char": "t",
    "content": "
import { describe, expect, it } from 'vitest'

describe('should', () => {
  it('exported', () => {
    expect(33).t)
  })
})
",
    "cursor": 116,
    "type": "insert",
  },
  {
    "char": "o",
    "content": "
import { describe, expect, it } from 'vitest'

describe('should', () => {
  it('exported', () => {
    expect(33).to)
  })
})
",
    "cursor": 117,
    "type": "insert",
  },
  {
    "char": "E",
    "content": "
import { describe, expect, it } from 'vitest'

describe('should', () => {
  it('exported', () => {
    expect(33).toE)
  })
})
",
    "cursor": 118,
    "type": "insert",
  },
  {
    "char": "q",
    "content": "
import { describe, expect, it } from 'vitest'

describe('should', () => {
  it('exported', () => {
    expect(33).toEq)
  })
})
",
    "cursor": 119,
    "type": "insert",
  },
  {
    "char": "u",
    "content": "
import { describe, expect, it } from 'vitest'

describe('should', () => {
  it('exported', () => {
    expect(33).toEqu)
  })
})
",
    "cursor": 120,
    "type": "insert",
  },
  {
    "char": "a",
    "content": "
import { describe, expect, it } from 'vitest'

describe('should', () => {
  it('exported', () => {
    expect(33).toEqua)
  })
})
",
    "cursor": 121,
    "type": "insert",
  },
  {
    "char": "l",
    "content": "
import { describe, expect, it } from 'vitest'

describe('should', () => {
  it('exported', () => {
    expect(33).toEqual)
  })
})
",
    "cursor": 122,
    "type": "insert",
  },
  {
    "char": "(",
    "content": "
import { describe, expect, it } from 'vitest'

describe('should', () => {
  it('exported', () => {
    expect(33).toEqual()
  })
})
",
    "cursor": 123,
    "type": "insert",
  },
  {
    "char": "1",
    "content": "
import { describe, expect, it } from 'vitest'

describe('should', () => {
  it('exported', () => {
    expect(33).toEqual(1)
  })
})
",
    "cursor": 124,
    "type": "insert",
  },
  {
    "content": "
import { describe, expect, it } from 'vitest'

describe('should', () => {
  it('exported', () => {
    expect(33).toEqual(1)
  })
})
",
    "cursor": 114,
    "type": "insert-end",
  },
  {
    "content": "
import { describe, expect, it } from 'vitest'

describe('should', () => {
  it('exported', () => {
    expect(33).toEqual(1)
  })
})
",
    "type": "animator-finish",
  },
]
`;
